MPLINK 5.08, LINKER
Linker Map File - Created Mon Dec 12 13:27:13 2016

                                 Section Info
                  Section       Type    Address   Location Size(Bytes)
                ---------  ---------  ---------  ---------  ---------
                   .org_0       code   0x000000    program   0x00004c
                   .cinit    romdata   0x00004c    program   0x000002
.config_300001_BUILD/DEFAULT/PRODUCTION/MAIN.O    romdata   0x300001    program   0x000001
.config_300002_BUILD/DEFAULT/PRODUCTION/MAIN.O    romdata   0x300002    program   0x000001
.config_300003_BUILD/DEFAULT/PRODUCTION/MAIN.O    romdata   0x300003    program   0x000001
.config_300005_BUILD/DEFAULT/PRODUCTION/MAIN.O    romdata   0x300005    program   0x000001
.config_300006_BUILD/DEFAULT/PRODUCTION/MAIN.O    romdata   0x300006    program   0x000001



                              Program Memory Usage 
                               Start         End      
                           ---------   ---------      
                            0x000000    0x00004d      
                            0x300001    0x300003      
                            0x300005    0x300006      
            83 out of 33048 program addresses used, program memory utilization is 0%



                              Symbols - Sorted by Name
                     Name    Address   Location    Storage File                     
                ---------  ---------  ---------  --------- ---------                
                    BUCLE   0x000010    program     static D:\MPLABXProjects\Practicas_curso_basico\1_ParpadearLed.X\main.asm
                   INICIO   0x000004    program     static D:\MPLABXProjects\Practicas_curso_basico\1_ParpadearLed.X\main.asm
                 Ret1sOFF   0x000038    program     static D:\MPLABXProjects\Practicas_curso_basico\1_ParpadearLed.X\main.asm
                  Ret1sON   0x00001c    program     static D:\MPLABXProjects\Practicas_curso_basico\1_ParpadearLed.X\main.asm
             Retardo1sOFF   0x00002c    program     static D:\MPLABXProjects\Practicas_curso_basico\1_ParpadearLed.X\main.asm
              Retardo1sON   0x000010    program     static D:\MPLABXProjects\Practicas_curso_basico\1_ParpadearLed.X\main.asm



                              Symbols - Sorted by Address
                     Name    Address   Location    Storage File                     
                ---------  ---------  ---------  --------- ---------                
                   INICIO   0x000004    program     static D:\MPLABXProjects\Practicas_curso_basico\1_ParpadearLed.X\main.asm
                    BUCLE   0x000010    program     static D:\MPLABXProjects\Practicas_curso_basico\1_ParpadearLed.X\main.asm
              Retardo1sON   0x000010    program     static D:\MPLABXProjects\Practicas_curso_basico\1_ParpadearLed.X\main.asm
                  Ret1sON   0x00001c    program     static D:\MPLABXProjects\Practicas_curso_basico\1_ParpadearLed.X\main.asm
             Retardo1sOFF   0x00002c    program     static D:\MPLABXProjects\Practicas_curso_basico\1_ParpadearLed.X\main.asm
                 Ret1sOFF   0x000038    program     static D:\MPLABXProjects\Practicas_curso_basico\1_ParpadearLed.X\main.asm


